6 block(s) found.
Block Leader: 0x10010000, Size: 3
Block Leader: 0x1001000C, Size: 2
Block Leader: 0x10010014, Size: 2
Block Leader: 0x1001001C, Size: 1
Block Leader: 0x10010020, Size: 3
Block Leader: 0x1001002C, Size: 1

Edges:
0x10010000 --> 0x1001000C
0x10010000 --> 0x1001002C
0x1001000C --> 0x10010014
0x1001000C --> 0x1001001C
0x10010014 --> 0x10010020
0x1001001C --> 0x10010020
0x10010020 --> 0x1001000C
0x10010020 --> 0x1001002C

Dominator Bit Vectors:
0000 0000 0000 0000 0000 0000 0000 0001 
0000 0000 0000 0000 0000 0000 0000 0011 
0000 0000 0000 0000 0000 0000 0000 0111 
0000 0000 0000 0000 0000 0000 0000 1011 
0000 0000 0000 0000 0000 0000 0001 0011 
0000 0000 0000 0000 0000 0000 0010 0001 
