10 block(s) found.
Block Leader: 0x10010000, Size: 6
Block Leader: 0x10010018, Size: 2
Block Leader: 0x10010020, Size: 2
Block Leader: 0x10010028, Size: 2
Block Leader: 0x10010030, Size: 4
Block Leader: 0x10010040, Size: 2
Block Leader: 0x10010048, Size: 3
Block Leader: 0x10010054, Size: 2
Block Leader: 0x1001005C, Size: 1
Block Leader: 0x10010060, Size: 6

Edges:
0x10010000 --> 0x10010018
0x10010000 --> 0x10010020
0x10010018 --> 0x10010060
0x10010020 --> 0x10010028
0x10010020 --> 0x10010030
0x10010028 --> 0x10010060
0x10010030 --> 0x10010040
0x10010040 --> 0x10010048
0x10010040 --> 0x1001005C
0x10010048 --> 0x10010054
0x10010054 --> 0x1001005C
0x10010054 --> 0x10010060
0x1001005C --> 0x10010060

Dominator Bit Vectors:
0000 0000 0000 0000 0000 0000 0000 0001 
0000 0000 0000 0000 0000 0000 0000 0011 
0000 0000 0000 0000 0000 0000 0000 0101 
0000 0000 0000 0000 0000 0000 0000 1101 
0000 0000 0000 0000 0000 0000 0001 0101 
0000 0000 0000 0000 0000 0000 0011 0101 
0000 0000 0000 0000 0000 0000 0111 0101 
0000 0000 0000 0000 0000 0000 1111 0101 
0000 0000 0000 0000 0000 0001 0011 0101 
0000 0000 0000 0000 0000 0010 0000 0001 
